mvn : WARNING: A restricted method in java.lang.System has been called
At line:1 char:16
+ cd E:\EDITH-J; mvn surefire:test 2>&1 > test_output.txt; Get-Content  ...
+                ~~~~~~~~~~~~~~~~~~~~~~~~~~~~~~~~~~~~~~~~
    + CategoryInfo          : NotSpecified: (WARNING: A rest...has been called:String) [], RemoteException
    + FullyQualifiedErrorId : NativeCommandError
 
WARNING: java.lang.System::load has been called by org.fusesource.jansi.internal.JansiLoader in an unnamed module 
(file:/C:/Program%20Files/JetBrains/IntelliJ%20IDEA%202025.2.2/plugins/maven/lib/maven3/lib/jansi-2.4.1.jar)
WARNING: Use --enable-native-access=ALL-UNNAMED to avoid a warning for callers in this module
WARNING: Restricted methods will be blocked in a future release unless native access is enabled

WARNING: A terminally deprecated method in sun.misc.Unsafe has been called
WARNING: sun.misc.Unsafe::objectFieldOffset has been called by com.google.common.util.concurrent.AbstractFuture$UnsafeAtomicHelper 
(file:/C:/Program%20Files/JetBrains/IntelliJ%20IDEA%202025.2.2/plugins/maven/lib/maven3/lib/guava-33.2.1-jre.jar)
WARNING: Please consider reporting this to the maintainers of class com.google.common.util.concurrent.AbstractFuture$UnsafeAtomicHelper
WARNING: sun.misc.Unsafe::objectFieldOffset will be removed in a future release
[INFO] Scanning for projects...
[INFO] 
[INFO] -------------------------< com.edithj:edith-j >-------------------------
[INFO] Building EDITH-J 0.1.0-SNAPSHOT
[INFO]   from pom.xml
[INFO] --------------------------------[ jar ]---------------------------------
[WARNING] 6 problems were encountered while building the effective model for org.openjfx:javafx-base:jar:win:21.0.2 during dependency collection step for project (use -X to see details)
[INFO] 
[INFO] --- surefire:3.2.5:test (default-cli) @ edith-j ---
[INFO] Using auto detected provider org.apache.maven.surefire.junitplatform.JUnitPlatformProvider
[INFO] 
[INFO] -------------------------------------------------------
[INFO]  T E S T S
[INFO] -------------------------------------------------------
[INFO] Running com.edithj.assistant.IntentRouterTest
WARNING: A Java agent has been loaded dynamically (C:\Users\nithe\.m2\repository\net\bytebuddy\byte-buddy-agent\1.14.15\byte-buddy-agent-1.14.15.jar)
WARNING: If a serviceability tool is in use, please run with -XX:+EnableDynamicAgentLoading to hide this warning
WARNING: If a serviceability tool is not in use, please run with -Djdk.instrument.traceUsage for more information
WARNING: Dynamic loading of agents will be disallowed by default in a future release
Java HotSpot(TM) 64-Bit Server VM warning: Sharing is only supported for boot loader classes because bootstrap classpath has been appended
[INFO] Tests run: 5, Failures: 0, Errors: 0, Skipped: 0, Time elapsed: 2.469 s -- in com.edithj.assistant.IntentRouterTest
[INFO] Running com.edithj.commands.DesktopToolsCommandHandlerTest
[INFO] Tests run: 5, Failures: 0, Errors: 0, Skipped: 0, Time elapsed: 1.066 s -- in com.edithj.commands.DesktopToolsCommandHandlerTest
[INFO] Running com.edithj.commands.FallbackChatHandlerTest
[INFO] Tests run: 3, Failures: 0, Errors: 0, Skipped: 0, Time elapsed: 0.016 s -- in com.edithj.commands.FallbackChatHandlerTest
[INFO] Running com.edithj.commands.LauncherCommandHandlerTest
[ERROR] Tests run: 5, Failures: 1, Errors: 0, Skipped: 0, Time elapsed: 0.622 s <<< FAILURE! -- in com.edithj.commands.LauncherCommandHandlerTest
[ERROR] com.edithj.commands.LauncherCommandHandlerTest.handle_withoutTargetReturnsFriendlyMessage -- Time elapsed: 0.017 s <<< FAILURE!
org.opentest4j.AssertionFailedError: expected: <true> but was: <false>
	at org.junit.jupiter.api.AssertionFailureBuilder.build(AssertionFailureBuilder.java:151)
	at org.junit.jupiter.api.AssertionFailureBuilder.buildAndThrow(AssertionFailureBuilder.java:132)
	at org.junit.jupiter.api.AssertTrue.failNotTrue(AssertTrue.java:63)
	at org.junit.jupiter.api.AssertTrue.assertTrue(AssertTrue.java:36)
	at org.junit.jupiter.api.AssertTrue.assertTrue(AssertTrue.java:31)
	at org.junit.jupiter.api.Assertions.assertTrue(Assertions.java:183)
	at com.edithj.commands.LauncherCommandHandlerTest.handle_withoutTargetReturnsFriendlyMessage(LauncherCommandHandlerTest.java:30)
	at java.base/java.lang.reflect.Method.invoke(Method.java:565)
	at java.base/java.util.ArrayList.forEach(ArrayList.java:1604)
	at java.base/java.util.ArrayList.forEach(ArrayList.java:1604)

[INFO] Running com.edithj.commands.NotesCommandHandlerTest
[INFO] Tests run: 4, Failures: 0, Errors: 0, Skipped: 0, Time elapsed: 0.134 s -- in com.edithj.commands.NotesCommandHandlerTest
[INFO] Running com.edithj.commands.ReminderCommandHandlerTest
[INFO] Tests run: 5, Failures: 0, Errors: 0, Skipped: 0, Time elapsed: 0.148 s -- in com.edithj.commands.ReminderCommandHandlerTest
[INFO] Running com.edithj.commands.UtilitiesCommandHandlerTest
[INFO] Tests run: 5, Failures: 0, Errors: 0, Skipped: 0, Time elapsed: 0.039 s -- in com.edithj.commands.UtilitiesCommandHandlerTest
[INFO] Running com.edithj.commands.WeatherCommandHandlerTest
[INFO] Tests run: 4, Failures: 0, Errors: 0, Skipped: 0, Time elapsed: 0.671 s -- in com.edithj.commands.WeatherCommandHandlerTest
[INFO] Running com.edithj.integration.ConfigLoadingTest
[INFO] Tests run: 2, Failures: 0, Errors: 0, Skipped: 0, Time elapsed: 0.017 s -- in com.edithj.integration.ConfigLoadingTest
[INFO] Running com.edithj.integration.PromptBuilderTest
[INFO] Tests run: 1, Failures: 0, Errors: 0, Skipped: 0, Time elapsed: 0.007 s -- in com.edithj.integration.PromptBuilderTest
[INFO] Running com.edithj.notes.NoteServiceTest
[INFO] Tests run: 5, Failures: 0, Errors: 0, Skipped: 0, Time elapsed: 0.030 s -- in com.edithj.notes.NoteServiceTest
[INFO] Running com.edithj.reminders.ReminderServiceTest
[INFO] Tests run: 5, Failures: 0, Errors: 0, Skipped: 0, Time elapsed: 0.036 s -- in com.edithj.reminders.ReminderServiceTest
[INFO] Running com.edithj.speech.SpeechRecognizerTest
[INFO] Tests run: 3, Failures: 0, Errors: 0, Skipped: 0, Time elapsed: 0.025 s -- in com.edithj.speech.SpeechRecognizerTest
[INFO] 
[INFO] Results:
[INFO] 
[ERROR] Failures: 
[ERROR]   LauncherCommandHandlerTest.handle_withoutTargetReturnsFriendlyMessage:30 expected: <true> but was: <false>
[INFO] 
[ERROR] Tests run: 52, Failures: 1, Errors: 0, Skipped: 0
[INFO] 
[INFO] ------------------------------------------------------------------------
[INFO] BUILD FAILURE
[INFO] ------------------------------------------------------------------------
[INFO] Total time:  10.363 s
[INFO] Finished at: 2026-04-15T16:25:44+05:30
[INFO] ------------------------------------------------------------------------
[ERROR] Failed to execute goal org.apache.maven.plugins:maven-surefire-plugin:3.2.5:test (default-cli) on project edith-j: There are test failures.
[ERROR] 
[ERROR] Please refer to E:\EDITH-J\target\surefire-reports for the individual test results.
[ERROR] Please refer to dump files (if any exist) [date].dump, [date]-jvmRun[N].dump and [date].dumpstream.
[ERROR] -> [Help 1]
[ERROR] 
[ERROR] To see the full stack trace of the errors, re-run Maven with the -e switch.
[ERROR] Re-run Maven using the -X switch to enable full debug logging.
[ERROR] 
[ERROR] For more information about the errors and possible solutions, please read the following articles:
[ERROR] [Help 1] http://cwiki.apache.org/confluence/display/MAVEN/MojoFailureException
